---
source: crates/pane-tui/src/ui/tests_context_menu.rs
assertion_line: 181
expression: output
---
╭──────────────────────────────────────────────────────────────────────────────────────────────────────────────────────╮
│  1                                                                                                                +  │
╰──────────────────────────────────────────────────────────────────────────────────────────────────────────────────────╯
╭──────────────────────────────────────────────────────────────────────────────────────────────────────────────────────╮
│  zsh                                                                                                              +  │
│ ──────────────────────────────────────────────────────────────────────────────────────────────────────────────────── │
│                                                                                                                      │
│                                                                                                                      │
│                                                                                                                      │
│                                                                                                                      │
│                                                                                                                      │
│                                                                                                                      │
│                                                                                                                      │
│                                                                                                                      │
│                                                                                                                      │
│                                                                                                                      │
│                                                                                                                      │
│                                          ╭ Add Widget to the Right ───────╮                                          │
│                                          ╰────────────────────────────────╯                                          │
│                                                                                                                      │
│                                                                                                                      │
│                                                                                                                      │
│                                                                                                                      │
│                                                                                                                      │
│                                                                                                                      │
│                                                                                                                      │
│                                                                                                                      │
│                                                                                                                      │
│                                                                                                                      │
│                                                                                                                      │
│                                                                                                                      │
│                                                                                                                      │
│                                                                                                                      │
│                                                                                                                      │
╰──────────────────────────────────────────────────────────────────────────────────────────────────────────────────────╯
  j/k  navigate ·  Enter  select ·  Esc  cancel
