---
source: crates/pane-tui/src/ui/tests_dialog.rs
expression: output
---
╭──────────────────────────────────────────────────────────────────────────────────────────────────────────────────────╮
│  1                                                                                                                +  │
╰──────────────────────────────────────────────────────────────────────────────────────────────────────────────────────╯
╭──────────────────────────────────────────────────────────────────────────────────────────────────────────────────────╮
│  zsh                                                                                                              +  │
│ ──────────────────────────────────────────────────────────────────────────────────────────────────────────────────── │
│                                                                                                                      │
│                               ╭ new workspace ───────────────────────────────────────╮                               │
│                               │                ( Search ) ( Browse )                 │                               │
│                               │──────────────────────────────────────────────────────│                               │
│                               │ > pa_                                                │                               │
│                               │──────────────────────────────────────────────────────│                               │
│                               │  ~/Developer/pane                                    │                               │
│                               │  ~/Developer/ellie                                   │                               │
│                               │  ~/Developer/canaveral                               │                               │
│                               │                                                      │                               │
│                               │                                                      │                               │
│                               │                                                      │                               │
│                               │                                                      │                               │
│                               │                                                      │                               │
│                               │                                                      │                               │
│                               │                                                      │                               │
│                               │                                                      │                               │
│                               │                                                      │                               │
│                               │                                                      │                               │
│                               │                                                      │                               │
│                               │──────────────────────────────────────────────────────│                               │
│                               │  enter select  tab browse  esc cancel                │                               │
│                               ╰──────────────────────────────────────────────────────╯                               │
│                                                                                                                      │
│                                                                                                                      │
│                                                                                                                      │
│                                                                                                                      │
│                                                                                                                      │
╰──────────────────────────────────────────────────────────────────────────────────────────────────────────────────────╯
 ( Enter ) select · ( Tab ) complete · ( → ) open · ( Esc ) cancel
