---
source: crates/pane-tui/src/ui/tests_tab_picker.rs
expression: output
---
╭──────────────────────────────────────────────────────────────────────────────────────────────────────────────────────╮
│  1                                                                                                                +  │
╰──────────────────────────────────────────────────────────────────────────────────────────────────────────────────────╯
  zsh                                                                                                                +
 ──────────────────────────────────────────────────────────────────────────────────────────────────────────────────────
                              ╭ New Tab ─────────────────────────────────────────────────╮
                              │  _                                                       │
                              ├──────────────────────────────────────────────────────────┤
                              │ Shells                                                   │
                              │  Shell  Default (zsh)                                    │
                              │  zsh  Z Shell                                            │
                              │  bash  Bourne Again Shell                                │
                              │ Editors                                                  │
                              │  nvim  Neovim                                            │
                              │ System Management                                        │
                              │  htop  Process viewer                                    │
                              │ REPLs                                                    │
                              │  python3  Python REPL                                    │
                              │                                                          │
                              │                                                          │
                              │                                                          │
                              │                                                          │
                              │                                                          │
                              │                                                          │
                              │                                                          │
                              │                                                          │
                              ╰──────────────────────────────────────────────────────────╯
  type  filter ·  Enter  spawn ·  Esc  cancel
