---
source: crates/pane-tui/src/ui/tests_dialog.rs
expression: output
---
╭──────────────────────────────────────────────────────────────────────────────────────────────────────────────────────╮
│  1                                                                                                                +  │
╰──────────────────────────────────────────────────────────────────────────────────────────────────────────────────────╯
  zsh                                                                                                                +
 ──────────────────────────────────────────────────────────────────────────────────────────────────────────────────────
             ╭ Confirm ───────────────────────────────────────────────────────────────────────────────────╮
             │   Are you sure you want to close this workspace? All running processes will be terminated. │
             │                                                                                            │
             │    Cancel    Confirm                                                                       │
             ╰────────────────────────────────────────────────────────────────────────────────────────────╯
  Enter/y  confirm ·  Esc/n  cancel
