---
source: crates/pane-tui/src/ui/tests_context_menu.rs
expression: output
---
╭──────────────────────────────────────────────────────────────────────────────────────────────────────────────────────╮
│  1                                                                                                                +  │
╰──────────────────────────────────────────────────────────────────────────────────────────────────────────────────────╯
  zsh                                                                                                                +
 ──────────────────────────────────────────────────────────────────────────────────────────────────────────────────────
                                                            ╭─────────────╮
                                                            │ Split Right │
                                                            │ Split Down  │
                                                            │ Close Tab   │
                                                            │ Copy Mode   │
                                                            │ Paste       │
                                                            ╰─────────────╯
  j/k  navigate ·  Enter  select ·  Esc  cancel
