---
source: crates/pane-tui/src/ui/tests_palette.rs
expression: output
---
╭──────────────────────────────────────────────────────────────────────────────────────────────────────────────────────╮
│  1                                                                                                                +  │
╰──────────────────────────────────────────────────────────────────────────────────────────────────────────────────────╯
╭──────────────────────────────────────────────────────────────────────────────────────────────────────────────────────╮
│  zsh                                                                                                              +  │
│ ──────────────────────────────────────────────────────────────────────────────────────────────────────────────────── │
│                                                                                                                      │
│                                                                                                                      │
│                                                                                                                      │
│                       ╭ ⎵ w → window ────────────────────────────────────────────────────────╮                       │
│                       │  type a key  ␣ search all commands                                   │                       │
│                       │──────────────────────────────────────────────────────────────────────│                       │
│                       │  c   close                                                           │                       │
│                       │  s   split h                                                         │                       │
│                       │  v   split v                                                         │                       │
│                       │                                                                      │                       │
│                       │                                                                      │                       │
│                       │                                                                      │                       │
│                       │                                                                      │                       │
│                       │                                                                      │                       │
│                       │                                                                      │                       │
│                       │                                                                      │                       │
│                       │                                                                      │                       │
│                       │                                                                      │                       │
│                       │                                                                      │                       │
│                       │                                                                      │                       │
│                       ╰──────────────────────────────────────────────────────────────────────╯                       │
│                                                                                                                      │
│                                                                                                                      │
│                                                                                                                      │
│                                                                                                                      │
│                                                                                                                      │
│                                                                                                                      │
│                                                                                                                      │
╰──────────────────────────────────────────────────────────────────────────────────────────────────────────────────────╯
 ( key ) shortcut · ( ␣ ) search · ( Esc ) cancel
