---
source: crates/pane-tui/src/ui/tests_workspace_bar.rs
expression: output
---
╭──────────────────────────────────────────────────────────────────────────────────────────────────────────────────────╮
│    ·  dev                                                                                                        +  │
╰──────────────────────────────────────────────────────────────────────────────────────────────────────────────────────╯
                              ╭────────────────────────────────────────────────────────────────────────────────────────╮
                              │  zsh                                                                                +  │
                              │ ────────────────────────────────────────────────────────────────────────────────────── │
                              │                                                                                        │
                              │                                                                                        │
                              │                                                                                        │
                              │                                                                                        │
                              │                                                                                        │
                              │                                                                                        │
                              │                                                                                        │
                              │                                                                                        │
                              │                                                                                        │
                              │                                                                                        │
                              │                                                                                        │
                              │                                                                                        │
                              │                                                                                        │
                              │                                                                                        │
                              │                                                                                        │
                              │                                                                                        │
                              │                                                                                        │
                              │                                                                                        │
                              │                                                                                        │
                              │                                                                                        │
                              │                                                                                        │
                              │                                                                                        │
                              │                                                                                        │
                              │                                                                                        │
                              │                                                                                        │
                              │                                                                                        │
                              │                                                                                        │
                              │                                                                                        │
                              ╰────────────────────────────────────────────────────────────────────────────────────────╯
  /  search ·  Enter  open ·  n  new ·  :  commands ·  q  quit
