---
source: crates/pane-tui/src/ui/snapshot_tests.rs
expression: output
---
╭──────────────────────────────────────────────────────────────────────────────────────────────────────────────────────╮
│  dev                                                                                                              +  │
╰──────────────────────────────────────────────────────────────────────────────────────────────────────────────────────╯
╭──────────────────────────────────────────────────────────╮╭──────────────────────────────────────────────────────────╮
│  A                                                    +  ││  C                                                    +  │
│ ──────────────────────────────────────────────────────── ││ ──────────────────────────────────────────────────────── │
│                                                          ││                                                          │
│                                                          ││                                                          │
│                                                          ││                                                          │
│                                                          ││                                                          │
│                                                          ││                                                          │
│                                                          ││                                                          │
│                                                          ││                                                          │
│                                                          ││                                                          │
│                                                          ││                                                          │
│                                                          ││                                                          │
│                                                          ││                                                          │
│                                                          ││                                                          │
╰──────────────────────────────────────────────────────────╯│                                                          │
╭──────────────────────────────────────────────────────────╮│                                                          │
│  B                                                    +  ││                                                          │
│ ──────────────────────────────────────────────────────── ││                                                          │
│                                                          ││                                                          │
│                                                          ││                                                          │
│                                                          ││                                                          │
│                                                          ││                                                          │
│                                                          │╰──────────────────────────────────────────────────────────╯
│                                                          │╭──────────────────────────────────────────────────────────╮
│                                                          ││  D                                                    +  │
│                                                          ││ ──────────────────────────────────────────────────────── │
│                                                          ││                                                          │
│                                                          ││                                                          │
│                                                          ││                                                          │
│                                                          ││                                                          │
╰──────────────────────────────────────────────────────────╯╰──────────────────────────────────────────────────────────╯
  ␣  leader ·  :  commands ·  n  new tab ·  s/v  split ·  q  quit
