---
source: crates/pane-tui/src/ui/snapshot_tests.rs
expression: output
---
╭──────────────────────────────────────────────────────────────────────────────────────────────────────────────────────╮
│  home                                                                                                             +  │
╰──────────────────────────────────────────────────────────────────────────────────────────────────────────────────────╯
                              ╭────────────────────────────────────────────────────────────────────────────────────────╮
                              │  zsh                                                                                +  │
                              │ ────────────────────────────────────────────────────────────────────────────────────── │
                              │                                                                                        │
                              │                                                                                        │
                              │                                                                                        │
                              │                                                                                        │
                              │                                                                                        │
                              │                                                                                        │
                              │                                                                                        │
                              │                                                                                        │
                              │                                                                                        │
                              │                                                                                        │
                              │                                                                                        │
                              │                                                                                        │
                              │                                                                                        │
                              │                                                                                        │
                              │                                                                                        │
                              │                                                                                        │
                              │                                                                                        │
                              │                                                                                        │
                              │                                                                                        │
                              │                                                                                        │
                              │                                                                                        │
                              │                                                                                        │
                              │                                                                                        │
                              │                                                                                        │
                              │                                                                                        │
                              │                                                                                        │
                              │                                                                                        │
                              │                                                                                        │
                              ╰────────────────────────────────────────────────────────────────────────────────────────╯
  /  search ·  Enter  open ·  n  new ·  :  commands ·  q  quit
