---
source: crates/pane-tui/src/ui/tests_workspace_bar.rs
expression: output
---
╭──────────────────────────────────────╮
│  alpha  ·  beta                   +  │
╰──────────────────────────────────────╯
╭──────────────────────────────────────╮
│  zsh                              +  │
│                                      │
│                                      │
│                                      │
│                                      │
│                                      │
│                                      │
│                                      │
│                                      │
│                                      │
│                                      │
│                                      │
│                                      │
│                                      │
╰──────────────────────────────────────╯
  ␣  leader ·  :  commands ·  n  new tab
