---
source: crates/pane-tui/src/ui/tests_dialog.rs
expression: output
---
╭──────────────────────────────────────────────────────────────────────────────────────────────────────────────────────╮
│  1                                                                                                                +  │
╰──────────────────────────────────────────────────────────────────────────────────────────────────────────────────────╯
╭──────────────────────────────────────────────────────────────────────────────────────────────────────────────────────╮
│  zsh                                                                                                              +  │
│ ──────────────────────────────────────────────────────────────────────────────────────────────────────────────────── │
│                                                                                                                      │
│                               ╭ new workspace ───────────────────────────────────────╮                               │
│                               │                ( Search ) ( Browse )                 │                               │
│                               │──────────────────────────────────────────────────────│                               │
│                               │ ← /tmp →                                             │                               │
│                               │──────────────────────────────────────────────────────│                               │
│                               │  (empty)                                             │                               │
│                               │                                                      │                               │
│                               │                                                      │                               │
│                               │                                                      │                               │
│                               │                                                      │                               │
│                               │                                                      │                               │
│                               │                                                      │                               │
│                               │                                                      │                               │
│                               │                                                      │                               │
│                               │                                                      │                               │
│                               │                                                      │                               │
│                               │                                                      │                               │
│                               │                                                      │                               │
│                               │                                                      │                               │
│                               │──────────────────────────────────────────────────────│                               │
│                               │  enter select  tab search  esc cancel                │                               │
│                               ╰──────────────────────────────────────────────────────╯                               │
│                                                                                                                      │
│                                                                                                                      │
│                                                                                                                      │
│                                                                                                                      │
│                                                                                                                      │
╰──────────────────────────────────────────────────────────────────────────────────────────────────────────────────────╯
 ( Enter ) select · ( Tab ) complete · ( → ) open · ( Esc ) cancel
