---
source: crates/pane-tui/src/ui/snapshot_tests.rs
expression: output
---
╭──────────────────────────────────────────────────────────────────────────────────────────────────────────────────────╮
│  dev                                                                                                              +  │
╰──────────────────────────────────────────────────────────────────────────────────────────────────────────────────────╯
╭──────────────────────────────────────────────────────────│╭──────────────────────────────────────────────────────────╮
│  editor                                               +  ││  build                                                +  │
│                                                          ││                                                          │
│                                                          ││                                                          │
│                                                          ││                                                          │
│                                                          ││                                                          │
│                                                          ││                                                          │
│                                                          ││                                                          │
│                                                          ││                                                          │
│                                                          ││                                                          │
│                                                          ││                                                          │
│                                                          ││                                                          │
│                                                          ││                                                          │
│                                                          ││                                                          │
│                                                          ││                                                          │
│                                                          │╰──────────────────────────────────────────────────────────╯
│                                                          │╭──────────────────────────────────────────────────────────╮
│                                                          ││  logs                                                 +  │
│                                                          ││                                                          │
│                                                          ││                                                          │
│                                                          ││                                                          │
│                                                          ││                                                          │
│                                                          ││                                                          │
│                                                          ││                                                          │
│                                                          ││                                                          │
│                                                          ││                                                          │
│                                                          ││                                                          │
│                                                          ││                                                          │
│                                                          ││                                                          │
│                                                          ││                                                          │
│                                                          ││                                                          │
╰──────────────────────────────────────────────────────────│╰──────────────────────────────────────────────────────────╯
  ␣  leader ·  :  commands ·  n  new tab ·  s/v  split ·  q  quit
