---
source: crates/pane-tui/src/ui/tests_palette.rs
expression: output
---
╭──────────────────────────────────────────────────────────────────────────────────────────────────────────────────────╮
│  1                                                                                                                +  │
╰──────────────────────────────────────────────────────────────────────────────────────────────────────────────────────╯
╭──────────────────────────────────────────────────────────────────────────────────────────────────────────────────────╮
│  zsh                                                                                                              +  │
│ ──────────────────────────────────────────────────────────────────────────────────────────────────────────────────── │
│                                                                                                                      │
│                                                                                                                      │
│                                                                                                                      │
│                       ╭ ⎵ ───────────────────────────────────────────────────────────────────╮                       │
│                       │  type a key  ␣ search all commands                                   │                       │
│                       │──────────────────────────────────────────────────────────────────────│                       │
│                       │  w  +window                                                          │                       │
│                       │  h   focus left                                                      │                       │
│                       │  j   focus down                                                      │                       │
│                       │  k   focus up                                                        │                       │
│                       │  l   focus right                                                     │                       │
│                       │                                                                      │                       │
│                       │                                                                      │                       │
│                       │                                                                      │                       │
│                       │                                                                      │                       │
│                       │                                                                      │                       │
│                       │                                                                      │                       │
│                       │                                                                      │                       │
│                       │                                                                      │                       │
│                       │                                                                      │                       │
│                       ╰──────────────────────────────────────────────────────────────────────╯                       │
│                                                                                                                      │
│                                                                                                                      │
│                                                                                                                      │
│                                                                                                                      │
│                                                                                                                      │
│                                                                                                                      │
│                                                                                                                      │
╰──────────────────────────────────────────────────────────────────────────────────────────────────────────────────────╯
 ( key ) shortcut · ( ␣ ) search · ( Esc ) cancel
