---
source: crates/pane-tui/src/ui/snapshot_tests.rs
expression: output
---
╭──────────────────────────────────────────────────────────────────────────────────────────────────────────────────────╮
│  work                                                                                                             +  │
╰──────────────────────────────────────────────────────────────────────────────────────────────────────────────────────╯
  zsh  ·  vim  ·  htop                                                                                               +
 ──────────────────────────────────────────────────────────────────────────────────────────────────────────────────────
  ␣  leader ·  :  commands ·  n  new tab ·  s/v  split ·  q  quit
