---
source: crates/pane-tui/src/ui/tests_dialog.rs
expression: output
---
╭──────────────────────────────────────────────────────────────────────────────────────────────────────────────────────╮
│  1                                                                                                                +  │
╰──────────────────────────────────────────────────────────────────────────────────────────────────────────────────────╯
╭──────────────────────────────────────────────────────────────────────────────────────────────────────────────────────╮
│  zsh                                                                                                              +  │
│                                                                                                                      │
│                                                                                                                      │
│                               ╭ new workspace ───────────────────────────────────────╮                               │
│                               │ ← /tmp →                                             │                               │
│                               │──────────────────────────────────────────────────────│                               │
│                               │  (empty)                                             │                               │
│                               │                                                      │                               │
│                               │                                                      │                               │
│                               │                                                      │                               │
│                               │                                                      │                               │
│                               │                                                      │                               │
│                               │                                                      │                               │
│                               │                                                      │                               │
│                               │                                                      │                               │
│                               │                                                      │                               │
│                               │                                                      │                               │
│                               │                                                      │                               │
│                               │                                                      │                               │
│                               │                                                      │                               │
│                               │                                                      │                               │
│                               │                                                      │                               │
│                               │──────────────────────────────────────────────────────│                               │
│                               │  enter select  tab/→ open  esc cancel                │                               │
│                               ╰──────────────────────────────────────────────────────╯                               │
│                                                                                                                      │
│                                                                                                                      │
│                                                                                                                      │
│                                                                                                                      │
│                                                                                                                      │
╰──────────────────────────────────────────────────────────────────────────────────────────────────────────────────────╯
  Enter  select ·  Tab  complete ·  →  open ·  Esc  cancel
