---
source: crates/pane-tui/src/ui/tests_status_bar.rs
expression: output
---
╭──────────────────────────────────────────────────────────────────────────────────────────────────────────────────────╮
│  1                                                                                                                +  │
╰──────────────────────────────────────────────────────────────────────────────────────────────────────────────────────╯
╭──────────────────────────────────────────────────────────────────────────────────────────────────────────────────────╮
│  zsh                                                                                                              +  │
│ ──────────────────────────────────────────────────────────────────────────────────────────────────────────────────── │
│                                                                                                                      │
│                                                                                                                      │
│                                                                                                                      │
│                       ╭ ⎵ ───────────────────────────────────────────────────────────────────╮                       │
│                       │  type a key  ␣ search all commands                                   │                       │
│                       │──────────────────────────────────────────────────────────────────────│                       │
│                       │  W  +Workspace                                                       │                       │
│                       │  s  +Session                                                         │                       │
│                       │  t  +Tab                                                             │                       │
│                       │  w  +Window                                                          │                       │
│                       │      Command Palette                                                 │                       │
│                       │  /   Help                                                            │                       │
│                       │  D   Split V                                                         │                       │
│                       │  d   Split H                                                         │                       │
│                       │  q   Quit                                                            │                       │
│                       │  r   Resize                                                          │                       │
│                       │  y   Paste                                                           │                       │
│                       │                                                                      │                       │
│                       │                                                                      │                       │
│                       │                                                                      │                       │
│                       ╰──────────────────────────────────────────────────────────────────────╯                       │
│                                                                                                                      │
│                                                                                                                      │
│                                                                                                                      │
│                                                                                                                      │
│                                                                                                                      │
│                                                                                                                      │
│                                                                                                                      │
╰──────────────────────────────────────────────────────────────────────────────────────────────────────────────────────╯
 ( key ) shortcut · ( ␣ ) search · ( Esc ) cancel
