---
source: crates/pane-tui/src/ui/tests_window_view.rs
expression: output
---
╭──────────────────────────────────────────────────────────────────────────────────────────────────────────────────────╮
│  dev                                                                                                              +  │
╰──────────────────────────────────────────────────────────────────────────────────────────────────────────────────────╯
  editor                                                 + ┃  tests                                                  +
 ━━━━━━━━━━━━━━━━━━━━━━━━━━━━━━━━━━━━━━━━━━━━━━━━━━━━━━━━━━┃ ──────────────────────────────────────────────────────────
                                                           ┃
                                                           ┃
                                                           ┃
                                                           ┃
                                                           ┃
                                                           ┃
                                                           ┃
                                                           ┃
                                                           ┃
                                                           ┃
                                                           ┃
                                                           ┃
                                                           ┃
                                                           ┃
                                                           ┃
                                                           ┃
                                                           ┃
                                                           ┃
                                                           ┃
                                                           ┃
                                                           ┃
                                                           ┃
                                                           ┃
                                                           ┃
                                                           ┃
                                                           ┃
                                                           ┃
                                                           ┃
                                                           ┃
                                                           ┃
  ^␣  normal ·  ␣  leader ·  :  commands
