---
source: crates/pane-tui/src/ui/snapshot_tests.rs
expression: output
---
╭──────────────────────────────────────────────────────────────────────────────────────────────────────────────────────╮
│  home  ·  dev                                                                                                     +  │
╰──────────────────────────────────────────────────────────────────────────────────────────────────────────────────────╯
┏ projects ━━━━━━━━━━━━━━━━━━┓╭────────────────────────────────────────────────────────────────────────────────────────╮
┃  search…                   ┃│  RecentCommits                                                                      +  │
┃━━━━━━━━━━━━━━━━━━━━━━━━━━━━┃│ ────────────────────────────────────────────────────────────────────────────────────── │
┃  (no projects)             ┃│                                                                                        │
┃                            ┃│                                                                                        │
┃                            ┃│                                                                                        │
┃                            ┃│                                                                                        │
┃                            ┃│                                                                                        │
┃                            ┃│                                                                                        │
┃                            ┃│                                                                                        │
┃                            ┃│                                                                                        │
┃                            ┃│                                                                                        │
┃                            ┃│                                                                                        │
┃                            ┃│                                                                                        │
┃                            ┃│                                                                                        │
┃                            ┃│                                                                                        │
┃                            ┃│                                                                                        │
┃                            ┃│   select a project                                                                     │
┃                            ┃│                                                                                        │
┃                            ┃│                                                                                        │
┃                            ┃│                                                                                        │
┃                            ┃│                                                                                        │
┃                            ┃│                                                                                        │
┃                            ┃│                                                                                        │
┃                            ┃│                                                                                        │
┃                            ┃│                                                                                        │
┃                            ┃│                                                                                        │
┃                            ┃│                                                                                        │
┃                            ┃│                                                                                        │
┃                            ┃│                                                                                        │
┃                            ┃│                                                                                        │
┗━━━━━━━━━━━━━━━━━━━━━━━━━━━━┛╰────────────────────────────────────────────────────────────────────────────────────────╯
 ( / ) search · ( Enter ) open · ( n ) new · ( : ) commands · ( q ) quit
