---
source: crates/pane-tui/src/ui/snapshot_tests.rs
expression: output
---
╭──────────────────────────────────────────────────────────────────────────────────────────────────────────────────────╮
│  home                                                                                                             +  │
╰──────────────────────────────────────────────────────────────────────────────────────────────────────────────────────╯
╭ projects ──────────────────╮┏━━━━━━━━━━━━━━━━━━━━━━━━━━━━━━━━━━━━━━━━━━━┓╭───────────────────────────────────────────╮
│  search…                   │┃  RecentCommits                         +  ┃│  Branches                              +  │
│━━━━━━━━━━━━━━━━━━━━━━━━━━━━│┃ ━━━━━━━━━━━━━━━━━━━━━━━━━━━━━━━━━━━━━━━━━ ┃│ ───────────────────────────────────────── │
│  (no projects)             │┃                                           ┃│                                           │
│                            │┃                                           ┃│                                           │
│                            │┃                                           ┃│                                           │
│                            │┃                                           ┃│                                           │
│                            │┃                                           ┃│                                           │
│                            │┃                                           ┃│                                           │
│                            │┃                                           ┃│                                           │
│                            │┃                                           ┃│                                           │
│                            │┃                                           ┃│                                           │
│                            │┃                                           ┃│                                           │
│                            │┃                                           ┃│                                           │
│                            │┃                                           ┃│                                           │
│                            │┃                                           ┃│                                           │
│                            │┃                                           ┃│                                           │
│                            │┃   select a project                        ┃│   select a project                        │
│                            │┃                                           ┃│                                           │
│                            │┃                                           ┃│                                           │
│                            │┃                                           ┃│                                           │
│                            │┃                                           ┃│                                           │
│                            │┃                                           ┃│                                           │
│                            │┃                                           ┃│                                           │
│                            │┃                                           ┃│                                           │
│                            │┃                                           ┃│                                           │
│                            │┃                                           ┃│                                           │
│                            │┃                                           ┃│                                           │
│                            │┃                                           ┃│                                           │
│                            │┃                                           ┃│                                           │
│                            │┃                                           ┃│                                           │
╰────────────────────────────╯┗━━━━━━━━━━━━━━━━━━━━━━━━━━━━━━━━━━━━━━━━━━━┛╰───────────────────────────────────────────╯
 ( j/k ) navigate · ( Enter ) copy · ( Esc ) back
